[gico.io/wowhair/index.html]
[backblue.gif]
[fade.gif]
[index.html]
[gico.io/wowhair/images/favicon.png]
[gico.io/wowhair/images/apple-icon.png]
[gico.io/wowhair/css/bootstrap.min.css]
[gico.io/wowhair/css/font-awesome.min.css]
[gico.io/wowhair/css/stellarnav.min.css]
[gico.io/wowhair/css/aos.css]
[gico.io/wowhair/css/flashy.min.css]
[gico.io/wowhair/css/owl.css]
[gico.io/wowhair/css/jarallax.css]
[gico.io/wowhair/css/isotop.css]
[gico.io/wowhair/css/pogo-slider.min.css]
[gico.io/wowhair/css/style.css]
[gico.io/wowhair/css/responsive.css]
[gico.io/wowhair/index-2.html]
[gico.io/wowhair/images/logo.png]
[gico.io/wowhair/images/logo-black.png]
[gico.io/wowhair/index-two.html]
[gico.io/wowhair/about.html]
[gico.io/wowhair/service.html]
[gico.io/wowhair/service-details.html]
[gico.io/wowhair/gallery-one.html]
[gico.io/wowhair/gallery-two.html]
[gico.io/wowhair/team.html]
[gico.io/wowhair/error-404.html]
[gico.io/wowhair/blog-left-sidebar.html]
[gico.io/wowhair/blog-right-sidebar.html]
[gico.io/wowhair/blog-details.html]
[gico.io/wowhair/contact.html]
[gico.io/wowhair/images/bg/1.jpg]
[gico.io/wowhair/images/img1.png]
[gico.io/wowhair/images/haircut/1.jpg]
[gico.io/wowhair/images/haircut/2.jpg]
[gico.io/wowhair/images/haircut/3.jpg]
[gico.io/wowhair/images/about/1.jpg]
[gico.io/wowhair/images/about/signature.png]
[gico.io/wowhair/images/service/1.jpg]
[gico.io/wowhair/images/service/2.jpg]
[gico.io/wowhair/images/img2.png]
[gico.io/wowhair/images/service/3.jpg]
[gico.io/wowhair/images/service/4.jpg]
[gico.io/wowhair/images/gallery/1.jpg]
[gico.io/wowhair/images/gallery/big1.jpg]
[gico.io/wowhair/images/gallery/2.jpg]
[gico.io/wowhair/images/gallery/big2.jpg]
[gico.io/wowhair/images/gallery/3.jpg]
[gico.io/wowhair/images/gallery/big3.jpg]
[gico.io/wowhair/images/gallery/4.jpg]
[gico.io/wowhair/images/gallery/big4.jpg]
[gico.io/wowhair/images/gallery/5.jpg]
[gico.io/wowhair/images/gallery/big5.jpg]
[gico.io/wowhair/images/gallery/6.jpg]
[gico.io/wowhair/images/gallery/big6.jpg]
[gico.io/wowhair/images/testimonial/1.jpg]
[gico.io/wowhair/images/testimonial/2.jpg]
[gico.io/wowhair/images/testimonial/3.jpg]
[gico.io/wowhair/images/img3.png]
[gico.io/wowhair/images/blog/1.jpg]
[gico.io/wowhair/images/blog/2.jpg]
[gico.io/wowhair/images/blog/3.jpg]
[gico.io/wowhair/images/blog/b-1.jpg]
[gico.io/wowhair/images/blog/b-2.jpg]
[gico.io/wowhair/js/jquery.min.js]
[gico.io/wowhair/js/bootstrap.min.js]
[gico.io/wowhair/js/stellarnav.min.js]
[gico.io/wowhair/js/jquery.pogo-slider.min.js]
[gico.io/wowhair/js/aos.js]
[gico.io/wowhair/js/jarallax.min.js]
[gico.io/wowhair/js/particles.js]
[gico.io/wowhair/js/app.js]
[gico.io/wowhair/js/owl.carousel.min.js]
[gico.io/wowhair/js/jquery.flashy.min.js]
[gico.io/wowhair/js/isotope.js]
[gico.io/wowhair/js/jquery.waypoints.min.js]
[gico.io/wowhair/js/jquery.countup.min.js]
[gico.io/wowhair/index.html]
[gico.io/wowhair/css/bootstrap.min.css]
[gico.io/wowhair/js/main.js]
[gico.io/wowhair/fonts/fa-brands-400.woff2]
[gico.io/wowhair/fonts/fa-brands-400.ttf]
[gico.io/wowhair/fonts/fa-regular-400.woff2]
[gico.io/wowhair/fonts/fa-regular-400.ttf]
[gico.io/wowhair/fonts/fa-solid-900.woff2]
[gico.io/wowhair/fonts/fa-v4compatibility.woff2]
[gico.io/wowhair/css/font-awesome.min.css]
[gico.io/wowhair/css/stellarnav.min.css]
[gico.io/wowhair/css/aos.css]
[gico.io/wowhair/css/flashy.min.css]
[gico.io/wowhair/fonts/fa-v4compatibility.ttf]
[gico.io/wowhair/fonts/fa-solid-900.ttf]
[gico.io/wowhair/css/owl.video.play.png]
[gico.io/wowhair/css/owl.css]
[gico.io/wowhair/css/jarallax.css]
[gico.io/wowhair/css/isotop.css]
[gico.io/wowhair/css/pogo-slider.min.css]
[gico.io/wowhair/images/preloader.gif]
[gico.io/wowhair/css/style.css]
[gico.io/wowhair/css/responsive.css]
[gico.io/wowhair/index-2.html]
[gico.io/wowhair/images/slider/1.jpg]
[gico.io/wowhair/images/slider/2.jpg]
[gico.io/wowhair/images/slider/3.jpg]
[gico.io/wowhair/images/img4.png]
[gico.io/wowhair/images/service/5.jpg]
[gico.io/wowhair/images/service/6.jpg]
[gico.io/wowhair/index-two.html]
[gico.io/wowhair/images/about/2.jpg]
[gico.io/wowhair/images/about/3.jpg]
[gico.io/wowhair/images/team/1.jpg]
[gico.io/wowhair/images/team/2.jpg]
[gico.io/wowhair/images/team/3.jpg]
[gico.io/wowhair/images/team/4.jpg]
[gico.io/wowhair/about.html]
[gico.io/wowhair/service.html]
[gico.io/wowhair/images/service/big.jpg]
[gico.io/wowhair/service-details.html]
[gico.io/wowhair/gallery-one.html]
[gico.io/wowhair/images/gallery/8.jpg]
[gico.io/wowhair/images/gallery/big8.jpg]
[gico.io/wowhair/gallery-two.html]
[gico.io/wowhair/images/team/5.jpg]
[gico.io/wowhair/images/team/6.jpg]
[gico.io/wowhair/images/team/7.jpg]
[gico.io/wowhair/images/team/8.jpg]
[gico.io/wowhair/team.html]
[gico.io/wowhair/error-404.html]
[gico.io/wowhair/images/blog/b-3.jpg]
[gico.io/wowhair/images/img5.jpg]
[gico.io/wowhair/images/blog/4.jpg]
[gico.io/wowhair/images/blog/5.jpg]
[gico.io/wowhair/images/blog/6.jpg]
[gico.io/wowhair/images/blog/7.jpg]
[gico.io/wowhair/images/blog/8.jpg]
[gico.io/wowhair/images/blog/9.jpg]
[gico.io/wowhair/images/blog/10.jpg]
[gico.io/wowhair/blog-left-sidebar.html]
[gico.io/wowhair/blog-right-sidebar.html]
[gico.io/wowhair/images/blog/big.jpg]
[gico.io/wowhair/images/blog/author.jpg]
[gico.io/wowhair/blog-details.html]
[gico.io/wowhair/js/map.js]
[gico.io/wowhair/contact.html]
[gico.io/wowhair/css/owl.video.play.html]
